[2026-06-12 08:22:49,406] [11] [src.components.data_ingestion] [INFO] - Data Ingestion started ... 
[2026-06-12 08:22:50,808] [23] [src.components.data_ingestion] [INFO] - Data Ingestion Successfully Completed
[2026-06-12 08:22:50,808] [39] [src.components.data_transformation] [INFO] - Data Transformation Started ...
[2026-06-12 08:22:55,577] [50] [src.components.data_transformation] [INFO] - Before SMOTE - Fraud Count : 394 , Genuine Count : 227451
[2026-06-12 08:22:56,033] [55] [src.components.data_transformation] [INFO] - After SMOTE  - Fraud Count: 227451, Genuine Count: 227451
[2026-06-12 08:22:56,033] [57] [src.components.data_transformation] [INFO] - Data Transformation Successfully Completed
[2026-06-12 08:22:56,033] [33] [__main__] [INFO] - Training on scaled Data ... 
[2026-06-12 08:22:57,187] [40] [__main__] [INFO] - Logistic Regression Evaluation Report
[2026-06-12 08:22:57,254] [41] [__main__] [INFO] -               precision    recall  f1-score   support

           0       1.00      1.00      1.00     56864
           1       0.83      0.64      0.72        98

    accuracy                           1.00     56962
   macro avg       0.91      0.82      0.86     56962
weighted avg       1.00      1.00      1.00     56962

[2026-06-12 08:22:57,255] [42] [__main__] [INFO] - [Logistic Regression] Area under Precision Recall Curve: 0.738833
[2026-06-12 08:22:57,255] [33] [__main__] [INFO] - Training on scaled Data ... 
[2026-06-12 08:23:40,513] [40] [__main__] [INFO] - Random Forest Evaluation Report
[2026-06-12 08:23:40,566] [41] [__main__] [INFO] -               precision    recall  f1-score   support

           0       1.00      1.00      1.00     56864
           1       0.94      0.82      0.87        98

    accuracy                           1.00     56962
   macro avg       0.97      0.91      0.94     56962
weighted avg       1.00      1.00      1.00     56962

[2026-06-12 08:23:40,566] [42] [__main__] [INFO] - [Random Forest] Area under Precision Recall Curve: 0.873391
[2026-06-12 08:23:40,567] [33] [__main__] [INFO] - Training on scaled Data ... 
[2026-06-12 08:23:43,272] [40] [__main__] [INFO] - Xgboost Evaluation Report
[2026-06-12 08:23:43,312] [41] [__main__] [INFO] -               precision    recall  f1-score   support

           0       1.00      1.00      1.00     56864
           1       0.87      0.80      0.83        98

    accuracy                           1.00     56962
   macro avg       0.93      0.90      0.91     56962
weighted avg       1.00      1.00      1.00     56962

[2026-06-12 08:23:43,312] [42] [__main__] [INFO] - [Xgboost] Area under Precision Recall Curve: 0.797291
[2026-06-12 08:23:43,313] [33] [__main__] [INFO] - Training on scaled Data ... 
[2026-06-12 08:23:44,357] [40] [__main__] [INFO] - LightGBM Evaluation Report
[2026-06-12 08:23:44,399] [41] [__main__] [INFO] -               precision    recall  f1-score   support

           0       1.00      0.99      1.00     56864
           1       0.08      0.31      0.13        98

    accuracy                           0.99     56962
   macro avg       0.54      0.65      0.56     56962
weighted avg       1.00      0.99      0.99     56962

[2026-06-12 08:23:44,399] [42] [__main__] [INFO] - [LightGBM] Area under Precision Recall Curve: 0.031536
[2026-06-12 08:23:44,399] [47] [__main__] [INFO] - Training on SMOTE balanced Data ... 
[2026-06-12 08:23:48,227] [56] [__main__] [INFO] - Logistic Regression Evaluation Report
[2026-06-12 08:23:48,284] [57] [__main__] [INFO] -               precision    recall  f1-score   support

           0       1.00      0.97      0.99     56864
           1       0.06      0.92      0.11        98

    accuracy                           0.97     56962
   macro avg       0.53      0.95      0.55     56962
weighted avg       1.00      0.97      0.99     56962

[2026-06-12 08:23:48,286] [58] [__main__] [INFO] - [Logistic Regression] Area under Precision Recall Curve: 0.725058
[2026-06-12 08:23:48,288] [47] [__main__] [INFO] - Training on SMOTE balanced Data ... 
[2026-06-12 08:24:57,754] [56] [__main__] [INFO] - Random Forest Evaluation Report
[2026-06-12 08:24:57,808] [57] [__main__] [INFO] -               precision    recall  f1-score   support

           0       1.00      1.00      1.00     56864
           1       0.86      0.84      0.85        98

    accuracy                           1.00     56962
   macro avg       0.93      0.92      0.92     56962
weighted avg       1.00      1.00      1.00     56962

[2026-06-12 08:24:57,808] [58] [__main__] [INFO] - [Random Forest] Area under Precision Recall Curve: 0.870588
[2026-06-12 08:24:57,808] [47] [__main__] [INFO] - Training on SMOTE balanced Data ... 
[2026-06-12 08:25:00,423] [56] [__main__] [INFO] - Xgboost Evaluation Report
[2026-06-12 08:25:00,463] [57] [__main__] [INFO] -               precision    recall  f1-score   support

           0       1.00      1.00      1.00     56864
           1       0.71      0.86      0.78        98

    accuracy                           1.00     56962
   macro avg       0.86      0.93      0.89     56962
weighted avg       1.00      1.00      1.00     56962

[2026-06-12 08:25:00,463] [58] [__main__] [INFO] - [Xgboost] Area under Precision Recall Curve: 0.865170
[2026-06-12 08:25:00,463] [47] [__main__] [INFO] - Training on SMOTE balanced Data ... 
[2026-06-12 08:25:02,998] [56] [__main__] [INFO] - LightGBM Evaluation Report
[2026-06-12 08:25:03,042] [57] [__main__] [INFO] -               precision    recall  f1-score   support

           0       1.00      1.00      1.00     56864
           1       0.49      0.87      0.63        98

    accuracy                           1.00     56962
   macro avg       0.75      0.93      0.81     56962
weighted avg       1.00      1.00      1.00     56962

[2026-06-12 08:25:03,042] [58] [__main__] [INFO] - [LightGBM] Area under Precision Recall Curve: 0.775470
[2026-06-12 08:34:09,036] [80] [__main__] [INFO] - Calculate Shap values for xgboost
