[2026-06-12 08:10:16,887] [11] [src.components.data_ingestion] [INFO] - Data Ingestion started ... 
[2026-06-12 08:10:18,739] [23] [src.components.data_ingestion] [INFO] - Data Ingestion Successfully Completed
[2026-06-12 08:10:18,739] [39] [src.components.data_transformation] [INFO] - Data Transformation Started ...
[2026-06-12 08:10:26,092] [50] [src.components.data_transformation] [INFO] - Before SMOTE - Fraud Count : 394 , Genuine Count : 227451
[2026-06-12 08:10:26,637] [55] [src.components.data_transformation] [INFO] - After SMOTE  - Fraud Count: 227451, Genuine Count: 227451
[2026-06-12 08:10:26,637] [57] [src.components.data_transformation] [INFO] - Data Transformation Successfully Completed
[2026-06-12 08:10:26,637] [33] [__main__] [INFO] - Training on scaled Data ... 
[2026-06-12 08:10:28,234] [40] [__main__] [INFO] - Logistic Regression Evaluation Report
[2026-06-12 08:10:28,301] [41] [__main__] [INFO] -               precision    recall  f1-score   support

           0       1.00      1.00      1.00     56864
           1       0.83      0.64      0.72        98

    accuracy                           1.00     56962
   macro avg       0.91      0.82      0.86     56962
weighted avg       1.00      1.00      1.00     56962

[2026-06-12 08:10:28,301] [42] [__main__] [INFO] - [Logistic Regression] Area under Precision Recall Curve: 0.738833
[2026-06-12 08:10:28,302] [33] [__main__] [INFO] - Training on scaled Data ... 
[2026-06-12 08:11:29,828] [40] [__main__] [INFO] - Random Forest Evaluation Report
[2026-06-12 08:11:29,857] [41] [__main__] [INFO] -               precision    recall  f1-score   support

           0       1.00      1.00      1.00     56864
           1       0.94      0.82      0.87        98

    accuracy                           1.00     56962
   macro avg       0.97      0.91      0.94     56962
weighted avg       1.00      1.00      1.00     56962

[2026-06-12 08:11:29,857] [42] [__main__] [INFO] - [Random Forest] Area under Precision Recall Curve: 0.873391
[2026-06-12 08:11:29,857] [33] [__main__] [INFO] - Training on scaled Data ... 
[2026-06-12 08:11:32,054] [40] [__main__] [INFO] - Xgboost Evaluation Report
[2026-06-12 08:11:32,083] [41] [__main__] [INFO] -               precision    recall  f1-score   support

           0       1.00      1.00      1.00     56864
           1       0.87      0.80      0.83        98

    accuracy                           1.00     56962
   macro avg       0.93      0.90      0.91     56962
weighted avg       1.00      1.00      1.00     56962

[2026-06-12 08:11:32,083] [42] [__main__] [INFO] - [Xgboost] Area under Precision Recall Curve: 0.797291
[2026-06-12 08:11:32,083] [33] [__main__] [INFO] - Training on scaled Data ... 
[2026-06-12 08:11:32,882] [40] [__main__] [INFO] - LightGBM Evaluation Report
[2026-06-12 08:11:32,911] [41] [__main__] [INFO] -               precision    recall  f1-score   support

           0       1.00      0.99      1.00     56864
           1       0.08      0.31      0.13        98

    accuracy                           0.99     56962
   macro avg       0.54      0.65      0.56     56962
weighted avg       1.00      0.99      0.99     56962

[2026-06-12 08:11:32,911] [42] [__main__] [INFO] - [LightGBM] Area under Precision Recall Curve: 0.031536
[2026-06-12 08:11:32,911] [47] [__main__] [INFO] - Training on SMOTE balanced Data ... 
[2026-06-12 08:11:35,945] [56] [__main__] [INFO] - Logistic Regression Evaluation Report
