[2026-06-12 14:26:31,286] [11] [src.components.data_ingestion] [INFO] - Data Ingestion started ... 
[2026-06-12 14:26:32,717] [23] [src.components.data_ingestion] [INFO] - Data Ingestion Successfully Completed
[2026-06-12 14:26:32,717] [39] [src.components.data_transformation] [INFO] - Data Transformation Started ...
[2026-06-12 14:26:37,667] [51] [src.components.data_transformation] [INFO] - Before SMOTE - Fraud Count : 394 , Genuine Count : 227451
[2026-06-12 14:26:38,117] [56] [src.components.data_transformation] [INFO] - After SMOTE  - Fraud Count: 227451, Genuine Count: 227451
[2026-06-12 14:26:38,117] [58] [src.components.data_transformation] [INFO] - Data Transformation Successfully Completed
[2026-06-12 14:26:38,117] [39] [__main__] [INFO] - Starting model training on scaled baseline data (No SMOTE)... 
[2026-06-12 14:26:39,768] [59] [__main__] [INFO] - [Logistic Regression] Baseline Evaluation Complete. AUPRC: 0.7388
[2026-06-12 14:27:28,926] [59] [__main__] [INFO] - [Random Forest] Baseline Evaluation Complete. AUPRC: 0.8734
[2026-06-12 14:27:33,202] [59] [__main__] [INFO] - [Xgboost] Baseline Evaluation Complete. AUPRC: 0.7973
[2026-06-12 14:27:34,354] [59] [__main__] [INFO] - [LightGBM] Baseline Evaluation Complete. AUPRC: 0.0315
[2026-06-12 14:27:34,356] [72] [__main__] [INFO] - Saved baseline metrics to artifacts/metrics/model_metrics_baseline.csv
[2026-06-12 14:27:34,356] [77] [__main__] [INFO] - Training on SMOTE balanced Data ... 
[2026-06-12 14:27:38,676] [98] [__main__] [INFO] - [Logistic Regression] SMOTE Evaluation Complete. AUPRC: 0.7251
[2026-06-12 14:29:04,842] [98] [__main__] [INFO] - [Random Forest] SMOTE Evaluation Complete. AUPRC: 0.8706
[2026-06-12 14:29:08,309] [98] [__main__] [INFO] - [Xgboost] SMOTE Evaluation Complete. AUPRC: 0.8652
[2026-06-12 14:29:11,457] [98] [__main__] [INFO] - [LightGBM] SMOTE Evaluation Complete. AUPRC: 0.7755
[2026-06-12 14:29:11,459] [110] [__main__] [INFO] - Saved SMOTE metrics to artifacts/metrics/model_metrics_smote.csv
[2026-06-12 14:29:11,483] [18] [src.utils.save_object] [INFO] - Successfully saved object to artifacts/model/model.pkl
[2026-06-12 14:29:11,484] [129] [__main__] [INFO] - Best model: 'Random Forest' (AUPRC=0.8706) saved to artifacts/model/model.pkl
[2026-06-12 14:29:12,371] [161] [__main__] [INFO] - Saved feature importance matrix visualization to: artifacts/metrics/global_feature_importance.png
